// Jest Snapshot v1, https://goo.gl/fbAQLP

exports[`LedBackendStack has no diff 1`] = `Object {}`;
